>plugins/SeqNoise/example//output_s60_c01_T220_s30_c08_0_55
ATTAGATACCCGGGTAGTCCACGCCGTAAACGATGGATGCTAGCCGTTAGGCAGCTTGCTGCTTAGTGGCGCAGCTAACGCTTTAAGCATCCCGCCTGGGGAGTACGGTCGCAAGATTAAAACTCAAAGGAATTGACGGGGGCCCGCACAAGCGGTGGAGCATGTGGTTTAATTCGAAGCAACGCGCAGAACCTTACCAGCTTTTGACATGTCCTGGACG
>plugins/SeqNoise/example//output_s60_c01_T220_s30_c08_1_181
ATTAGATACCCTGGTAGTCCACGCCGTAAACGATGGATGCTAGCCGTTAGGCAGCTTGCTGCTTAGTGGCGCAGCTAACGCTTTAAGCATCCCGCCTGGGGAGTACGGTCGCAAGATTAAAACTCAAAGGAATTGACGGGGGCCCGCACAAGCGGTGGAGCATGTGGTTTAATTCGAAGCAACGCGCAGAACCTTACCAGCTTTTGACATGTCCTGGACG
>plugins/SeqNoise/example//output_s60_c01_T220_s30_c08_2_14
ATTAGATACCCAGGTAGTCCACGCCGTAAACGATGAATGCTAGCCGTTGGCAAGCTTGCTTGTCAGTGGCGCAGCTAACGCTTTAAGCATTCCGCCTGGGGAGTACGGTCGCAAGATTAAAACTCAAAGGAATTGACGGGGGCCCGCACAAGCGGTGGAGCATGTGGTTTAATTCGAAGCAACGCGCAGAACCTTACCAGCTTTTGACATGTCCGGTTTG
>plugins/SeqNoise/example//output_s60_c01_T220_s30_c08_3_17
ATTAGATACCCTGGTAGTCCACGCCGTAAACGATGAATGCTAGCCGTTGGCAAGCTTGCTTGTCAGTGGCGCAGCTAACGCTTTAAGCATTCCGCCTGGGGAGTACGGTCGCAAGATTAAAACTCAAAGGAATTGACGGGGGCCCGCACAAGCGGTGGAGCATGTGGTTTAATTCGAAGCAACGCGCAGAACCTTACCAGCTTTTGACATGTCCGGTTTG
>plugins/SeqNoise/example//output_s60_c01_T220_s30_c08_4_14
ATTAGATACCCGGGTAGTCCACGCCGTAAACGATGAATGCTAGCCGTTGGCAAGCTTGCTTGTCAGTGGCGCAGCTAACGCTTTAAGCATTCCGCCTGGGGAGTACGGTCGCAAGATTAAAACTCAAAGGAATTGACGGGGGCCCGCACAAGCGGTGGAGCATGTGGTTTAATTCGAAGCAACGCGCAGAACCTTACCAGCTTTTGACATGTCCGGTTTG
>plugins/SeqNoise/example//output_s60_c01_T220_s30_c08_5_21
ATTAGATACCCCGGTAGTCCACGCCGTAAACGATGAATGCTAGCCGTTGGCAAGCTTGCTTGTCAGTGGCGCAGCTAACGCTTTAAGCATTCCGCCTGGGGAGTACGGTCGCAAGATTAAAACTCAAAGGAATTGACGGGGGCCCGCACAAGCGGTGGAGCATGTGGTTTAATTCGAAGCAACGCGCAGAACCTTACCAGCTTTTGACATGTCCGGTTTG
>plugins/SeqNoise/example//output_s60_c01_T220_s30_c08_6_329
ATTAGATACCCTGGTAGTCCACGCCGTAAACTATGGAAGCTAGCCGTCAGTCAGCTTGCTGAGTGGTGGCGCAGCTAACGCATTAAGCTTCCCGCCTGGGGAGTACGGTCGCAAGATTAAAACTCAAAGGAATTGACGGGGGCCCGCACAAGCGGTGGAGCATGTGGTTTAATTCGAAGCAACGCGCAGAACCTTACCTACCCTTGACATGTCCAGTATG
>plugins/SeqNoise/example//output_s60_c01_T220_s30_c08_7_234
ATTAGATACCCGGGTAGTCCACGCCGTAAACTATGGAAGCTAGCCGTCAGTCAGCTTGCTGAGTGGTGGCGCAGCTAACGCATTAAGCTTCCCGCCTGGGGAGTACGGTCGCAAGATTAAAACTCAAAGGAATTGACGGGGGCCCGCACAAGCGGTGGAGCATGTGGTTTAATTCGAAGCAACGCGCAGAACCTTACCTACCCTTGACATGTCCAGTATG
>plugins/SeqNoise/example//output_s60_c01_T220_s30_c08_8_31
ATTAGATACCCTGGTAGTCCACGCCGTAAACGATGATAACTAGCTGTCCGGGCACTTGGTGTCTGGGTGGCGCAGCTAACGCATTAAGTTATCCGCCTGGGGAGTACGGTCGCAAGATTAAAACTCAAAGGAATTGACGGGGGCCTGCACAAGCGGTGGAGCATGTGGTTTAATTCGAAGCAACGCGCAGAACCTTACCAGCGTTTGACATCCCGCGCTA
>plugins/SeqNoise/example//output_s60_c01_T220_s30_c08_9_65
ATTAGATACCCGGGTAGTCCACGCCGTAAACGATGATAACTAGCTGTCCGGGCACTTGGTGTCTGGGTGGCGCAGCTAACGCATTAAGTTATCCGCCTGGGGAGTACGGTCGCAAGATTAAAACTCAAAGGAATTGACGGGGGCCTGCACAAGCGGTGGAGCATGTGGTTTAATTCGAAGCAACGCGCAGAACCTTACCAGCGTTTGACATCCCGCGCTA
>plugins/SeqNoise/example//output_s60_c01_T220_s30_c08_10_1
ATTAGATACCCTGGTAGTCCACGCCGTAAACGATGTCAACTAGCTGTTGGTCTTATGAATAAGATTAGTGGCGCAGCTAACGCGATAAGTTGACCGCCTGGGGAGTACGGTCGCAAGATTAAAACTCAAAGGAATTGACGGGGACCCGCACAAGCGGTGGAGTATGTGGTTTAATTCGAAGCAACGCGCAGAACCTTACCAACCCTTGACATGGGACATA
>plugins/SeqNoise/example//output_s60_c01_T220_s30_c08_11_150
ATTAGATACCCGGGTAGTCCACACTGTAAACGATGATTATTAGATGTCGGGGGGGTTACCCTTCGGTATCGCAGCTAACGCATTAAATAATCCGCCTGGGGAGTACGGTCGCAAGATTAAAACTCAAAGGAATTGACGGGGACCCGCACAAGCGGTGGAGTATGTGGTTTAATTCGAAGCAACGCGCAGAACCTTACCAACCCTTGACATGGGACGTATG
>plugins/SeqNoise/example//output_s60_c01_T220_s30_c08_12_141
ATTAGATACCCTGGTAGTCCACACTGTAAACGATGATTATTAGATGTCGGGGGGGTTACCCTTCGGTATCGCAGCTAACGCATTAAATAATCCGCCTGGGGAGTACGGTCGCAAGATTAAAACTCAAAGGAATTGACGGGGACCCGCACAAGCGGTGGAGTATGTGGTTTAATTCGAAGCAACGCGCAGAACCTTACCAACCCTTGACATGGGACGTATG
>plugins/SeqNoise/example//output_s60_c01_T220_s30_c08_13_90
ATTAGATACCCCGGTAGTCCACACTGTAAACGATGATTATTAGATGTCGGGGGGGTTACCCTTCGGTATCGCAGCTAACGCATTAAATAATCCGCCTGGGGAGTACGGTCGCAAGATTAAAACTCAAAGGAATTGACGGGGACCCGCACAAGCGGTGGAGTATGTGGTTTAATTCGAAGCAACGCGCAGAACCTTACCAACCCTTGACATGGGACGTATG
>plugins/SeqNoise/example//output_s60_c01_T220_s30_c08_14_223
ATTAGATACCCTGGTAGTCCACGCTGTAAACGATGATTATTAGATGTCGGGAGGGTTACCTTTCGGTATCGCAGCTAACGCATTAAATAATCCGCCTGGGGAGTACGGTCGCAAGATTAAAACTCAAAGGAATTGACGGGGACCCGCACAAGCGGTGGAGTATGTGGTTTAATTCGAAGCAACGCGCAGAACCTTACCAACCCTTGACATGGGACGTATG
>plugins/SeqNoise/example//output_s60_c01_T220_s30_c08_15_154
ATTAGATACCCGGGTAGTCCACGCTGTAAACGATGATTATTAGATGTCGGGAGGGTTACCTTTCGGTATCGCAGCTAACGCATTAAATAATCCGCCTGGGGAGTACGGTCGCAAGATTAAAACTCAAAGGAATTGACGGGGACCCGCACAAGCGGTGGAGTATGTGGTTTAATTCGAAGCAACGCGCAGAACCTTACCAACCCTTGACATGGGACGTATG
>plugins/SeqNoise/example//output_s60_c01_T220_s30_c08_16_150
ATTAGATACCCGGGTAGTCCACGCTGTAAACGATGATTATTAGATGTCGGGGGGGTTACCCTTCGGTATCGCAGCTAACGCATTAAATAATCCGCCTGGGGAGTACGGTCGCAAGATTAAAACTCAAAGGAATTGACGGGGACCCGCACAAGCGGTGGAGTATGTGGTTTAATTCGAAGCAACGCGCAGAACCTTACCAACCCTTGACATGGGACGTATG
>plugins/SeqNoise/example//output_s60_c01_T220_s30_c08_17_222
ATTAGATACCCTGGTAGTCCACGCTGTAAACGATGATTATTAGATGTCGGGGGGGTTACCCTTCGGTATCGCAGCTAACGCATTAAATAATCCGCCTGGGGAGTACGGTCGCAAGATTAAAACTCAAAGGAATTGACGGGGACCCGCACAAGCGGTGGAGTATGTGGTTTAATTCGAAGCAACGCGCAGAACCTTACCAACCCTTGACATGGGACGTATG
>plugins/SeqNoise/example//output_s60_c01_T220_s30_c08_18_2
ATTAGATACCCTGGTAGTCCACGCTGTAAACGATGATTATTAGATGTCGGGGGGGTTACCTTTCGGTATCGCAGCTAACGCATTAAATAATCCGCCTGGGGAGTACGGTCGCAAGATTAAAACTCAAAGGAATTGACGGGGACCCGCACAAGCGGTGGAGTATGTGGTTTAATTCGATGCAACGCGAAGAACCTTACCTACCCTTGACATCCAGAGAATC
